Building DAG of jobs...
Using shell: /usr/bin/bash
Provided cores: 7
Rules claiming more threads will be scaled down.
Job stats:
job                    count
-------------------  -------
all                        1
filter_topmed_vcf         22
merge_wg_topmed_vcf        1
total                     24

Select jobs to execute...

[Sun Jun 14 13:29:22 2026]
rule filter_topmed_vcf:
    input: /well/ansari/users/osr869/host/lcwgs_edits/topmed/covered40_result/chr13.dose.vcf.gz
    output: /well/ansari/users/osr869/host/lcwgs_edits/topmed/covered40_result_filtered/topmed.filtered.chr13.vcf.gz
    jobid: 14
    reason: Missing output files: /well/ansari/users/osr869/host/lcwgs_edits/topmed/covered40_result_filtered/topmed.filtered.chr13.vcf.gz
    wildcards: chr=13
    resources: tmpdir=/tmp/slurm-21856980


[Sun Jun 14 13:29:22 2026]
rule filter_topmed_vcf:
    input: /well/ansari/users/osr869/host/lcwgs_edits/topmed/covered40_result/chr2.dose.vcf.gz
    output: /well/ansari/users/osr869/host/lcwgs_edits/topmed/covered40_result_filtered/topmed.filtered.chr2.vcf.gz
    jobid: 3
    reason: Missing output files: /well/ansari/users/osr869/host/lcwgs_edits/topmed/covered40_result_filtered/topmed.filtered.chr2.vcf.gz
    wildcards: chr=2
    resources: tmpdir=/tmp/slurm-21856980


[Sun Jun 14 13:29:22 2026]
rule filter_topmed_vcf:
    input: /well/ansari/users/osr869/host/lcwgs_edits/topmed/covered40_result/chr7.dose.vcf.gz
    output: /well/ansari/users/osr869/host/lcwgs_edits/topmed/covered40_result_filtered/topmed.filtered.chr7.vcf.gz
    jobid: 8
    reason: Missing output files: /well/ansari/users/osr869/host/lcwgs_edits/topmed/covered40_result_filtered/topmed.filtered.chr7.vcf.gz
    wildcards: chr=7
    resources: tmpdir=/tmp/slurm-21856980


[Sun Jun 14 13:29:22 2026]
rule filter_topmed_vcf:
    input: /well/ansari/users/osr869/host/lcwgs_edits/topmed/covered40_result/chr21.dose.vcf.gz
    output: /well/ansari/users/osr869/host/lcwgs_edits/topmed/covered40_result_filtered/topmed.filtered.chr21.vcf.gz
    jobid: 22
    reason: Missing output files: /well/ansari/users/osr869/host/lcwgs_edits/topmed/covered40_result_filtered/topmed.filtered.chr21.vcf.gz
    wildcards: chr=21
    resources: tmpdir=/tmp/slurm-21856980


[Sun Jun 14 13:29:22 2026]
rule filter_topmed_vcf:
    input: /well/ansari/users/osr869/host/lcwgs_edits/topmed/covered40_result/chr20.dose.vcf.gz
    output: /well/ansari/users/osr869/host/lcwgs_edits/topmed/covered40_result_filtered/topmed.filtered.chr20.vcf.gz
    jobid: 21
    reason: Missing output files: /well/ansari/users/osr869/host/lcwgs_edits/topmed/covered40_result_filtered/topmed.filtered.chr20.vcf.gz
    wildcards: chr=20
    resources: tmpdir=/tmp/slurm-21856980


[Sun Jun 14 13:29:22 2026]
rule filter_topmed_vcf:
    input: /well/ansari/users/osr869/host/lcwgs_edits/topmed/covered40_result/chr18.dose.vcf.gz
    output: /well/ansari/users/osr869/host/lcwgs_edits/topmed/covered40_result_filtered/topmed.filtered.chr18.vcf.gz
    jobid: 19
    reason: Missing output files: /well/ansari/users/osr869/host/lcwgs_edits/topmed/covered40_result_filtered/topmed.filtered.chr18.vcf.gz
    wildcards: chr=18
    resources: tmpdir=/tmp/slurm-21856980


[Sun Jun 14 13:29:22 2026]
rule filter_topmed_vcf:
    input: /well/ansari/users/osr869/host/lcwgs_edits/topmed/covered40_result/chr6.dose.vcf.gz
    output: /well/ansari/users/osr869/host/lcwgs_edits/topmed/covered40_result_filtered/topmed.filtered.chr6.vcf.gz
    jobid: 7
    reason: Missing output files: /well/ansari/users/osr869/host/lcwgs_edits/topmed/covered40_result_filtered/topmed.filtered.chr6.vcf.gz
    wildcards: chr=6
    resources: tmpdir=/tmp/slurm-21856980

[Sun Jun 14 14:31:28 2026]
Finished job 22.
1 of 24 steps (4%) done
Select jobs to execute...

[Sun Jun 14 14:31:29 2026]
rule filter_topmed_vcf:
    input: /well/ansari/users/osr869/host/lcwgs_edits/topmed/covered40_result/chr12.dose.vcf.gz
    output: /well/ansari/users/osr869/host/lcwgs_edits/topmed/covered40_result_filtered/topmed.filtered.chr12.vcf.gz
    jobid: 13
    reason: Missing output files: /well/ansari/users/osr869/host/lcwgs_edits/topmed/covered40_result_filtered/topmed.filtered.chr12.vcf.gz
    wildcards: chr=12
    resources: tmpdir=/tmp/slurm-21856980

[Sun Jun 14 15:16:32 2026]
Finished job 21.
2 of 24 steps (8%) done
Select jobs to execute...

[Sun Jun 14 15:16:33 2026]
rule filter_topmed_vcf:
    input: /well/ansari/users/osr869/host/lcwgs_edits/topmed/covered40_result/chr14.dose.vcf.gz
    output: /well/ansari/users/osr869/host/lcwgs_edits/topmed/covered40_result_filtered/topmed.filtered.chr14.vcf.gz
    jobid: 15
    reason: Missing output files: /well/ansari/users/osr869/host/lcwgs_edits/topmed/covered40_result_filtered/topmed.filtered.chr14.vcf.gz
    wildcards: chr=14
    resources: tmpdir=/tmp/slurm-21856980

[Sun Jun 14 15:42:15 2026]
Finished job 19.
3 of 24 steps (12%) done
Select jobs to execute...

[Sun Jun 14 15:42:16 2026]
rule filter_topmed_vcf:
    input: /well/ansari/users/osr869/host/lcwgs_edits/topmed/covered40_result/chr3.dose.vcf.gz
    output: /well/ansari/users/osr869/host/lcwgs_edits/topmed/covered40_result_filtered/topmed.filtered.chr3.vcf.gz
    jobid: 4
    reason: Missing output files: /well/ansari/users/osr869/host/lcwgs_edits/topmed/covered40_result_filtered/topmed.filtered.chr3.vcf.gz
    wildcards: chr=3
    resources: tmpdir=/tmp/slurm-21856980

[Sun Jun 14 16:18:04 2026]
Finished job 14.
4 of 24 steps (17%) done
Select jobs to execute...

[Sun Jun 14 16:18:05 2026]
rule filter_topmed_vcf:
    input: /well/ansari/users/osr869/host/lcwgs_edits/topmed/covered40_result/chr8.dose.vcf.gz
    output: /well/ansari/users/osr869/host/lcwgs_edits/topmed/covered40_result_filtered/topmed.filtered.chr8.vcf.gz
    jobid: 9
    reason: Missing output files: /well/ansari/users/osr869/host/lcwgs_edits/topmed/covered40_result_filtered/topmed.filtered.chr8.vcf.gz
    wildcards: chr=8
    resources: tmpdir=/tmp/slurm-21856980

[Sun Jun 14 17:48:08 2026]
Finished job 15.
5 of 24 steps (21%) done
Select jobs to execute...

[Sun Jun 14 17:48:09 2026]
rule filter_topmed_vcf:
    input: /well/ansari/users/osr869/host/lcwgs_edits/topmed/covered40_result/chr4.dose.vcf.gz
    output: /well/ansari/users/osr869/host/lcwgs_edits/topmed/covered40_result_filtered/topmed.filtered.chr4.vcf.gz
    jobid: 5
    reason: Missing output files: /well/ansari/users/osr869/host/lcwgs_edits/topmed/covered40_result_filtered/topmed.filtered.chr4.vcf.gz
    wildcards: chr=4
    resources: tmpdir=/tmp/slurm-21856980

[Sun Jun 14 18:05:33 2026]
Finished job 8.
6 of 24 steps (25%) done
Select jobs to execute...

[Sun Jun 14 18:05:34 2026]
rule filter_topmed_vcf:
    input: /well/ansari/users/osr869/host/lcwgs_edits/topmed/covered40_result/chr22.dose.vcf.gz
    output: /well/ansari/users/osr869/host/lcwgs_edits/topmed/covered40_result_filtered/topmed.filtered.chr22.vcf.gz
    jobid: 23
    reason: Missing output files: /well/ansari/users/osr869/host/lcwgs_edits/topmed/covered40_result_filtered/topmed.filtered.chr22.vcf.gz
    wildcards: chr=22
    resources: tmpdir=/tmp/slurm-21856980

[Sun Jun 14 18:18:27 2026]
Finished job 13.
7 of 24 steps (29%) done
Select jobs to execute...

[Sun Jun 14 18:18:28 2026]
rule filter_topmed_vcf:
    input: /well/ansari/users/osr869/host/lcwgs_edits/topmed/covered40_result/chr16.dose.vcf.gz
    output: /well/ansari/users/osr869/host/lcwgs_edits/topmed/covered40_result_filtered/topmed.filtered.chr16.vcf.gz
    jobid: 17
    reason: Missing output files: /well/ansari/users/osr869/host/lcwgs_edits/topmed/covered40_result_filtered/topmed.filtered.chr16.vcf.gz
    wildcards: chr=16
    resources: tmpdir=/tmp/slurm-21856980

[Sun Jun 14 18:19:51 2026]
Finished job 7.
8 of 24 steps (33%) done
Select jobs to execute...

[Sun Jun 14 18:19:52 2026]
rule filter_topmed_vcf:
    input: /well/ansari/users/osr869/host/lcwgs_edits/topmed/covered40_result/chr9.dose.vcf.gz
    output: /well/ansari/users/osr869/host/lcwgs_edits/topmed/covered40_result_filtered/topmed.filtered.chr9.vcf.gz
    jobid: 10
    reason: Missing output files: /well/ansari/users/osr869/host/lcwgs_edits/topmed/covered40_result_filtered/topmed.filtered.chr9.vcf.gz
    wildcards: chr=9
    resources: tmpdir=/tmp/slurm-21856980

[Sun Jun 14 19:11:23 2026]
Finished job 23.
9 of 24 steps (38%) done
Select jobs to execute...

[Sun Jun 14 19:11:23 2026]
rule filter_topmed_vcf:
    input: /well/ansari/users/osr869/host/lcwgs_edits/topmed/covered40_result/chr19.dose.vcf.gz
    output: /well/ansari/users/osr869/host/lcwgs_edits/topmed/covered40_result_filtered/topmed.filtered.chr19.vcf.gz
    jobid: 20
    reason: Missing output files: /well/ansari/users/osr869/host/lcwgs_edits/topmed/covered40_result_filtered/topmed.filtered.chr19.vcf.gz
    wildcards: chr=19
    resources: tmpdir=/tmp/slurm-21856980

[Sun Jun 14 20:23:59 2026]
Finished job 3.
10 of 24 steps (42%) done
Select jobs to execute...

[Sun Jun 14 20:24:00 2026]
rule filter_topmed_vcf:
    input: /well/ansari/users/osr869/host/lcwgs_edits/topmed/covered40_result/chr5.dose.vcf.gz
    output: /well/ansari/users/osr869/host/lcwgs_edits/topmed/covered40_result_filtered/topmed.filtered.chr5.vcf.gz
    jobid: 6
    reason: Missing output files: /well/ansari/users/osr869/host/lcwgs_edits/topmed/covered40_result_filtered/topmed.filtered.chr5.vcf.gz
    wildcards: chr=5
    resources: tmpdir=/tmp/slurm-21856980

[Sun Jun 14 20:45:10 2026]
Finished job 9.
11 of 24 steps (46%) done
Select jobs to execute...

[Sun Jun 14 20:45:11 2026]
rule filter_topmed_vcf:
    input: /well/ansari/users/osr869/host/lcwgs_edits/topmed/covered40_result/chr17.dose.vcf.gz
    output: /well/ansari/users/osr869/host/lcwgs_edits/topmed/covered40_result_filtered/topmed.filtered.chr17.vcf.gz
    jobid: 18
    reason: Missing output files: /well/ansari/users/osr869/host/lcwgs_edits/topmed/covered40_result_filtered/topmed.filtered.chr17.vcf.gz
    wildcards: chr=17
    resources: tmpdir=/tmp/slurm-21856980

[Sun Jun 14 20:57:02 2026]
Finished job 17.
12 of 24 steps (50%) done
Select jobs to execute...

[Sun Jun 14 20:57:03 2026]
rule filter_topmed_vcf:
    input: /well/ansari/users/osr869/host/lcwgs_edits/topmed/covered40_result/chr11.dose.vcf.gz
    output: /well/ansari/users/osr869/host/lcwgs_edits/topmed/covered40_result_filtered/topmed.filtered.chr11.vcf.gz
    jobid: 12
    reason: Missing output files: /well/ansari/users/osr869/host/lcwgs_edits/topmed/covered40_result_filtered/topmed.filtered.chr11.vcf.gz
    wildcards: chr=11
    resources: tmpdir=/tmp/slurm-21856980

[Sun Jun 14 20:58:05 2026]
Finished job 20.
13 of 24 steps (54%) done
Select jobs to execute...

[Sun Jun 14 20:58:06 2026]
rule filter_topmed_vcf:
    input: /well/ansari/users/osr869/host/lcwgs_edits/topmed/covered40_result/chr15.dose.vcf.gz
    output: /well/ansari/users/osr869/host/lcwgs_edits/topmed/covered40_result_filtered/topmed.filtered.chr15.vcf.gz
    jobid: 16
    reason: Missing output files: /well/ansari/users/osr869/host/lcwgs_edits/topmed/covered40_result_filtered/topmed.filtered.chr15.vcf.gz
    wildcards: chr=15
    resources: tmpdir=/tmp/slurm-21856980

[Sun Jun 14 21:25:06 2026]
Finished job 4.
14 of 24 steps (58%) done
Select jobs to execute...

[Sun Jun 14 21:25:06 2026]
rule filter_topmed_vcf:
    input: /well/ansari/users/osr869/host/lcwgs_edits/topmed/covered40_result/chr1.dose.vcf.gz
    output: /well/ansari/users/osr869/host/lcwgs_edits/topmed/covered40_result_filtered/topmed.filtered.chr1.vcf.gz
    jobid: 2
    reason: Missing output files: /well/ansari/users/osr869/host/lcwgs_edits/topmed/covered40_result_filtered/topmed.filtered.chr1.vcf.gz
    wildcards: chr=1
    resources: tmpdir=/tmp/slurm-21856980

[Sun Jun 14 21:49:16 2026]
Finished job 10.
15 of 24 steps (62%) done
Select jobs to execute...

[Sun Jun 14 21:49:16 2026]
rule filter_topmed_vcf:
    input: /well/ansari/users/osr869/host/lcwgs_edits/topmed/covered40_result/chr10.dose.vcf.gz
    output: /well/ansari/users/osr869/host/lcwgs_edits/topmed/covered40_result_filtered/topmed.filtered.chr10.vcf.gz
    jobid: 11
    reason: Missing output files: /well/ansari/users/osr869/host/lcwgs_edits/topmed/covered40_result_filtered/topmed.filtered.chr10.vcf.gz
    wildcards: chr=10
    resources: tmpdir=/tmp/slurm-21856980

[Sun Jun 14 23:02:39 2026]
Finished job 18.
16 of 24 steps (67%) done
[Sun Jun 14 23:15:35 2026]
Finished job 16.
17 of 24 steps (71%) done
[Sun Jun 14 23:18:47 2026]
Finished job 5.
18 of 24 steps (75%) done
[Mon Jun 15 00:10:53 2026]
Finished job 12.
19 of 24 steps (79%) done
[Mon Jun 15 00:28:09 2026]
Finished job 6.
20 of 24 steps (83%) done
[Mon Jun 15 00:30:22 2026]
Finished job 11.
21 of 24 steps (88%) done
[Mon Jun 15 00:48:02 2026]
Finished job 2.
22 of 24 steps (92%) done
Select jobs to execute...

[Mon Jun 15 00:48:02 2026]
rule merge_wg_topmed_vcf:
    input: /well/ansari/users/osr869/host/lcwgs_edits/topmed/covered40_result_filtered/topmed.filtered.chr1.vcf.gz, /well/ansari/users/osr869/host/lcwgs_edits/topmed/covered40_result_filtered/topmed.filtered.chr2.vcf.gz, /well/ansari/users/osr869/host/lcwgs_edits/topmed/covered40_result_filtered/topmed.filtered.chr3.vcf.gz, /well/ansari/users/osr869/host/lcwgs_edits/topmed/covered40_result_filtered/topmed.filtered.chr4.vcf.gz, /well/ansari/users/osr869/host/lcwgs_edits/topmed/covered40_result_filtered/topmed.filtered.chr5.vcf.gz, /well/ansari/users/osr869/host/lcwgs_edits/topmed/covered40_result_filtered/topmed.filtered.chr6.vcf.gz, /well/ansari/users/osr869/host/lcwgs_edits/topmed/covered40_result_filtered/topmed.filtered.chr7.vcf.gz, /well/ansari/users/osr869/host/lcwgs_edits/topmed/covered40_result_filtered/topmed.filtered.chr8.vcf.gz, /well/ansari/users/osr869/host/lcwgs_edits/topmed/covered40_result_filtered/topmed.filtered.chr9.vcf.gz, /well/ansari/users/osr869/host/lcwgs_edits/topmed/covered40_result_filtered/topmed.filtered.chr10.vcf.gz, /well/ansari/users/osr869/host/lcwgs_edits/topmed/covered40_result_filtered/topmed.filtered.chr11.vcf.gz, /well/ansari/users/osr869/host/lcwgs_edits/topmed/covered40_result_filtered/topmed.filtered.chr12.vcf.gz, /well/ansari/users/osr869/host/lcwgs_edits/topmed/covered40_result_filtered/topmed.filtered.chr13.vcf.gz, /well/ansari/users/osr869/host/lcwgs_edits/topmed/covered40_result_filtered/topmed.filtered.chr14.vcf.gz, /well/ansari/users/osr869/host/lcwgs_edits/topmed/covered40_result_filtered/topmed.filtered.chr15.vcf.gz, /well/ansari/users/osr869/host/lcwgs_edits/topmed/covered40_result_filtered/topmed.filtered.chr16.vcf.gz, /well/ansari/users/osr869/host/lcwgs_edits/topmed/covered40_result_filtered/topmed.filtered.chr17.vcf.gz, /well/ansari/users/osr869/host/lcwgs_edits/topmed/covered40_result_filtered/topmed.filtered.chr18.vcf.gz, /well/ansari/users/osr869/host/lcwgs_edits/topmed/covered40_result_filtered/topmed.filtered.chr19.vcf.gz, /well/ansari/users/osr869/host/lcwgs_edits/topmed/covered40_result_filtered/topmed.filtered.chr20.vcf.gz, /well/ansari/users/osr869/host/lcwgs_edits/topmed/covered40_result_filtered/topmed.filtered.chr21.vcf.gz, /well/ansari/users/osr869/host/lcwgs_edits/topmed/covered40_result_filtered/topmed.filtered.chr22.vcf.gz
    output: /well/ansari/users/osr869/host/lcwgs_edits/gwas/wg.topmed.vcf.gz
    jobid: 1
    reason: Missing output files: /well/ansari/users/osr869/host/lcwgs_edits/gwas/wg.topmed.vcf.gz; Input files updated by another job: /well/ansari/users/osr869/host/lcwgs_edits/topmed/covered40_result_filtered/topmed.filtered.chr22.vcf.gz, /well/ansari/users/osr869/host/lcwgs_edits/topmed/covered40_result_filtered/topmed.filtered.chr7.vcf.gz, /well/ansari/users/osr869/host/lcwgs_edits/topmed/covered40_result_filtered/topmed.filtered.chr18.vcf.gz, /well/ansari/users/osr869/host/lcwgs_edits/topmed/covered40_result_filtered/topmed.filtered.chr12.vcf.gz, /well/ansari/users/osr869/host/lcwgs_edits/topmed/covered40_result_filtered/topmed.filtered.chr21.vcf.gz, /well/ansari/users/osr869/host/lcwgs_edits/topmed/covered40_result_filtered/topmed.filtered.chr4.vcf.gz, /well/ansari/users/osr869/host/lcwgs_edits/topmed/covered40_result_filtered/topmed.filtered.chr2.vcf.gz, /well/ansari/users/osr869/host/lcwgs_edits/topmed/covered40_result_filtered/topmed.filtered.chr1.vcf.gz, /well/ansari/users/osr869/host/lcwgs_edits/topmed/covered40_result_filtered/topmed.filtered.chr15.vcf.gz, /well/ansari/users/osr869/host/lcwgs_edits/topmed/covered40_result_filtered/topmed.filtered.chr8.vcf.gz, /well/ansari/users/osr869/host/lcwgs_edits/topmed/covered40_result_filtered/topmed.filtered.chr11.vcf.gz, /well/ansari/users/osr869/host/lcwgs_edits/topmed/covered40_result_filtered/topmed.filtered.chr3.vcf.gz, /well/ansari/users/osr869/host/lcwgs_edits/topmed/covered40_result_filtered/topmed.filtered.chr19.vcf.gz, /well/ansari/users/osr869/host/lcwgs_edits/topmed/covered40_result_filtered/topmed.filtered.chr17.vcf.gz, /well/ansari/users/osr869/host/lcwgs_edits/topmed/covered40_result_filtered/topmed.filtered.chr20.vcf.gz, /well/ansari/users/osr869/host/lcwgs_edits/topmed/covered40_result_filtered/topmed.filtered.chr10.vcf.gz, /well/ansari/users/osr869/host/lcwgs_edits/topmed/covered40_result_filtered/topmed.filtered.chr9.vcf.gz, /well/ansari/users/osr869/host/lcwgs_edits/topmed/covered40_result_filtered/topmed.filtered.chr6.vcf.gz, /well/ansari/users/osr869/host/lcwgs_edits/topmed/covered40_result_filtered/topmed.filtered.chr5.vcf.gz, /well/ansari/users/osr869/host/lcwgs_edits/topmed/covered40_result_filtered/topmed.filtered.chr14.vcf.gz, /well/ansari/users/osr869/host/lcwgs_edits/topmed/covered40_result_filtered/topmed.filtered.chr13.vcf.gz, /well/ansari/users/osr869/host/lcwgs_edits/topmed/covered40_result_filtered/topmed.filtered.chr16.vcf.gz
    resources: tmpdir=/tmp/slurm-21856980

[Mon Jun 15 01:30:54 2026]
Finished job 1.
23 of 24 steps (96%) done
Select jobs to execute...

[Mon Jun 15 01:30:54 2026]
localrule all:
    input: /well/ansari/users/osr869/host/lcwgs_edits/gwas/wg.topmed.vcf.gz
    jobid: 0
    reason: Input files updated by another job: /well/ansari/users/osr869/host/lcwgs_edits/gwas/wg.topmed.vcf.gz
    resources: tmpdir=/tmp/slurm-21856980

[Mon Jun 15 01:30:54 2026]
Finished job 0.
24 of 24 steps (100%) done
Complete log: .snakemake/log/2026-06-14T132914.695949.snakemake.log
