Building DAG of jobs...
Using shell: /usr/bin/bash
Provided cores: 1 (use --cores to define parallelism)
Rules claiming more threads will be scaled down.
Job stats:
job                      count
---------------------  -------
add_af_to_vcf                1
all                          1
combine_vcf_af               1
extract_info                 1
generate_info_plot_af        1
total                        5

Select jobs to execute...

[Fri Jun 12 13:46:41 2026]
rule add_af_to_vcf:
    input: /well/ansari/users/osr869/host/lcwgs_edits/results/wip_vcfs/GAsP_b38/merged/raw_merged/chr1.vcf.gz, /well/ansari/users/osr869/host/lcwgs_edits/data/gnomAD_MAFs/eas/gnomAD_MAF_eas_chr1.txt, /well/ansari/users/osr869/host/lcwgs_edits/results/wip_vcfs/GAsP_b38/merged/raw_merged_af_annotated/af_header.txt
    output: /well/ansari/users/osr869/host/lcwgs_edits/data/gnomAD_bgzip/gnomAD_MAF_eas_chr1.txt.gz, /well/ansari/users/osr869/host/lcwgs_edits/results/wip_vcfs/GAsP_b38/merged/raw_merged_af_annotated/chr1.vcf.gz
    jobid: 3
    reason: Missing output files: /well/ansari/users/osr869/host/lcwgs_edits/results/wip_vcfs/GAsP_b38/merged/raw_merged_af_annotated/chr1.vcf.gz
    wildcards: chr=1
    resources: tmpdir=/tmp/slurm-21618882

[Fri Jun 12 14:25:14 2026]
Finished job 3.
1 of 5 steps (20%) done
Select jobs to execute...

[Fri Jun 12 14:25:14 2026]
rule extract_info:
    input: /well/ansari/users/osr869/host/lcwgs_edits/results/wip_vcfs/GAsP_b38/merged/raw_merged_af_annotated/chr1.vcf.gz
    output: /well/ansari/users/osr869/host/lcwgs_edits/results/wip_vcfs/GAsP_b38/merged/raw_merged_af_txt/vcf.af.chr1.txt
    jobid: 2
    reason: Missing output files: /well/ansari/users/osr869/host/lcwgs_edits/results/wip_vcfs/GAsP_b38/merged/raw_merged_af_txt/vcf.af.chr1.txt; Input files updated by another job: /well/ansari/users/osr869/host/lcwgs_edits/results/wip_vcfs/GAsP_b38/merged/raw_merged_af_annotated/chr1.vcf.gz
    wildcards: chr=1
    resources: tmpdir=/tmp/slurm-21618882

[Fri Jun 12 14:28:07 2026]
Finished job 2.
2 of 5 steps (40%) done
Select jobs to execute...

[Fri Jun 12 14:28:07 2026]
rule combine_vcf_af:
    input: /well/ansari/users/osr869/host/lcwgs_edits/results/wip_vcfs/GAsP_b38/merged/raw_merged_af_txt/vcf.af.chr1.txt
    output: /well/ansari/users/osr869/host/lcwgs_edits/graphs/quilt_raw_combined.tsv
    jobid: 4
    reason: Missing output files: /well/ansari/users/osr869/host/lcwgs_edits/graphs/quilt_raw_combined.tsv; Input files updated by another job: /well/ansari/users/osr869/host/lcwgs_edits/results/wip_vcfs/GAsP_b38/merged/raw_merged_af_txt/vcf.af.chr1.txt
    resources: tmpdir=/tmp/slurm-21618882

[Fri Jun 12 14:29:23 2026]
Finished job 4.
3 of 5 steps (60%) done
Select jobs to execute...

[Fri Jun 12 14:29:23 2026]
rule generate_info_plot_af:
    input: /well/ansari/users/osr869/host/lcwgs_edits/results/wip_vcfs/GAsP_b38/merged/raw_merged_af_txt/vcf.af.chr1.txt
    output: /well/ansari/users/osr869/host/lcwgs_edits/graphs/info_vs_maf_sum.png, /well/ansari/users/osr869/host/lcwgs_edits/graphs/sum_INFO.tsv
    jobid: 1
    reason: Missing output files: /well/ansari/users/osr869/host/lcwgs_edits/graphs/info_vs_maf_sum.png, /well/ansari/users/osr869/host/lcwgs_edits/graphs/sum_INFO.tsv; Input files updated by another job: /well/ansari/users/osr869/host/lcwgs_edits/results/wip_vcfs/GAsP_b38/merged/raw_merged_af_txt/vcf.af.chr1.txt
    resources: tmpdir=/tmp/slurm-21618882

Shutting down, this might take some time.
Exiting because a job execution failed. Look above for error message
Complete log: .snakemake/log/2026-06-12T134608.919380.snakemake.log
